exports[`AddTodo renders 1`] = `
<div>
  <form
    onSubmit={[Function]}>
    <input />
    <button
      type="submit">
      Add Todo
    </button>
  </form>
</div>
`;
